// Jest Snapshot v1, https://goo.gl/fbAQLP

exports[`should render the Home view and then redirect to the Main view when clicking the play button  1`] = `
<div>
  <div
    class="titleDiv"
  >
    <h1
      class="title"
    >
      Life Stats
    </h1>
  </div>
  <div
    class="div"
  >
    <section
      class="section"
    >
      <p
        class="desc"
      >
        Welcome! 
        <br />
         We invite you to sign in below before you enjoy the experience.
      </p>
      <div
        class="btnDiv"
      >
        <button
          class="signin"
        >
          Please sign in.
        </button>
      </div>
    </section>
  </div>
</div>
`;
